// Jest Snapshot v1, https://goo.gl/fbAQLP

exports[`EndGame Component Test matches the snapshot 1`] = `null`;
