// Jest Snapshot v1, https://goo.gl/fbAQLP

exports[`ShipToPlace Component Test matches the snapshot 1`] = `
<div
  className="Connect(ShipToPlace)-shipToPlaceContainer-0-1-1"
>
  <h1
    className="Connect(ShipToPlace)-nextShip-0-1-2"
  >
     Next Ship to Plase 
  </h1>
  <img
    src="/imgs/cruiser.png"
  />
  <h2
    className="Connect(ShipToPlace)-shipName-0-1-3"
  >
     
    Cruiser
     
  </h2>
</div>
`;
