// Jest Snapshot v1, https://goo.gl/fbAQLP

exports[`ShipPlacement Component Test matches the snapshot 1`] = `
Array [
  <div
    className="Connect(ShipPlacement)-buttonContainer-0-1-1"
  >
    <div
      className="Connect(ShipPlacement)-rotateButton-0-1-2"
      onClick={[Function]}
    >
       ROTATE SHIP 
    </div>
  </div>,
  <div
    className="Connect(ShipPlacement)-boardOutsideContainer-0-1-3"
  >
    <div
      className="Connect(Board)-boardContainer-0-1-4"
    >
      <div
        className="Connect(Board)-land-0-1-5 undefined undefined undefined undefined undefined undefined"
        onClick={[Function]}
        onMouseEnter={[Function]}
        onMouseLeave={[Function]}
      />
      <div
        className="Connect(Board)-land-0-1-5 undefined undefined undefined undefined undefined undefined"
        onClick={[Function]}
        onMouseEnter={[Function]}
        onMouseLeave={[Function]}
      />
      <div
        className="Connect(Board)-land-0-1-5 undefined undefined undefined undefined undefined undefined"
        onClick={[Function]}
        onMouseEnter={[Function]}
        onMouseLeave={[Function]}
      />
      <div
        className="Connect(Board)-land-0-1-5 undefined undefined undefined undefined undefined undefined"
        onClick={[Function]}
        onMouseEnter={[Function]}
        onMouseLeave={[Function]}
      />
      <div
        className="Connect(Board)-land-0-1-5 undefined undefined undefined undefined undefined undefined"
        onClick={[Function]}
        onMouseEnter={[Function]}
        onMouseLeave={[Function]}
      />
      <div
        className="Connect(Board)-land-0-1-5 undefined undefined undefined undefined undefined undefined"
        onClick={[Function]}
        onMouseEnter={[Function]}
        onMouseLeave={[Function]}
      />
      <div
        className="Connect(Board)-land-0-1-5 undefined undefined undefined undefined undefined undefined"
        onClick={[Function]}
        onMouseEnter={[Function]}
        onMouseLeave={[Function]}
      />
      <div
        className="Connect(Board)-land-0-1-5 undefined undefined undefined undefined undefined undefined"
        onClick={[Function]}
        onMouseEnter={[Function]}
        onMouseLeave={[Function]}
      />
      <div
        className="Connect(Board)-land-0-1-5 undefined undefined undefined undefined undefined undefined"
        onClick={[Function]}
        onMouseEnter={[Function]}
        onMouseLeave={[Function]}
      />
      <div
        className="Connect(Board)-land-0-1-5 undefined undefined undefined undefined undefined undefined"
        onClick={[Function]}
        onMouseEnter={[Function]}
        onMouseLeave={[Function]}
      />
      <div
        className="Connect(Board)-land-0-1-5 undefined undefined undefined undefined undefined undefined"
        onClick={[Function]}
        onMouseEnter={[Function]}
        onMouseLeave={[Function]}
      />
      <div
        className="Connect(Board)-land-0-1-5 undefined undefined undefined undefined undefined undefined"
        onClick={[Function]}
        onMouseEnter={[Function]}
        onMouseLeave={[Function]}
      />
      <div
        className="Connect(Board)-land-0-1-5 undefined undefined undefined undefined undefined undefined"
        onClick={[Function]}
        onMouseEnter={[Function]}
        onMouseLeave={[Function]}
      />
      <div
        className="Connect(Board)-land-0-1-5 undefined undefined undefined undefined undefined undefined"
        onClick={[Function]}
        onMouseEnter={[Function]}
        onMouseLeave={[Function]}
      />
      <div
        className="Connect(Board)-land-0-1-5 undefined undefined undefined undefined undefined undefined"
        onClick={[Function]}
        onMouseEnter={[Function]}
        onMouseLeave={[Function]}
      />
      <div
        className="Connect(Board)-land-0-1-5 undefined undefined undefined undefined undefined undefined"
        onClick={[Function]}
        onMouseEnter={[Function]}
        onMouseLeave={[Function]}
      />
      <div
        className="Connect(Board)-land-0-1-5 undefined undefined undefined undefined undefined undefined"
        onClick={[Function]}
        onMouseEnter={[Function]}
        onMouseLeave={[Function]}
      />
      <div
        className="Connect(Board)-land-0-1-5 undefined undefined undefined undefined undefined undefined"
        onClick={[Function]}
        onMouseEnter={[Function]}
        onMouseLeave={[Function]}
      />
      <div
        className="Connect(Board)-land-0-1-5 undefined undefined undefined undefined undefined undefined"
        onClick={[Function]}
        onMouseEnter={[Function]}
        onMouseLeave={[Function]}
      />
      <div
        className="Connect(Board)-land-0-1-5 undefined undefined undefined undefined undefined undefined"
        onClick={[Function]}
        onMouseEnter={[Function]}
        onMouseLeave={[Function]}
      />
      <div
        className="Connect(Board)-land-0-1-5 undefined undefined undefined undefined undefined undefined"
        onClick={[Function]}
        onMouseEnter={[Function]}
        onMouseLeave={[Function]}
      />
      <div
        className="Connect(Board)-land-0-1-5 undefined undefined undefined undefined undefined undefined"
        onClick={[Function]}
        onMouseEnter={[Function]}
        onMouseLeave={[Function]}
      />
      <div
        className="Connect(Board)-land-0-1-5 undefined undefined undefined undefined undefined undefined"
        onClick={[Function]}
        onMouseEnter={[Function]}
        onMouseLeave={[Function]}
      />
      <div
        className="Connect(Board)-land-0-1-5 undefined undefined undefined undefined undefined undefined"
        onClick={[Function]}
        onMouseEnter={[Function]}
        onMouseLeave={[Function]}
      />
      <div
        className="Connect(Board)-land-0-1-5 undefined undefined undefined undefined undefined undefined"
        onClick={[Function]}
        onMouseEnter={[Function]}
        onMouseLeave={[Function]}
      />
      <div
        className="Connect(Board)-land-0-1-5 undefined undefined undefined undefined undefined undefined"
        onClick={[Function]}
        onMouseEnter={[Function]}
        onMouseLeave={[Function]}
      />
      <div
        className="Connect(Board)-land-0-1-5 undefined undefined undefined undefined undefined undefined"
        onClick={[Function]}
        onMouseEnter={[Function]}
        onMouseLeave={[Function]}
      />
      <div
        className="Connect(Board)-land-0-1-5 undefined undefined undefined undefined undefined undefined"
        onClick={[Function]}
        onMouseEnter={[Function]}
        onMouseLeave={[Function]}
      />
      <div
        className="Connect(Board)-land-0-1-5 undefined undefined undefined undefined undefined undefined"
        onClick={[Function]}
        onMouseEnter={[Function]}
        onMouseLeave={[Function]}
      />
      <div
        className="Connect(Board)-land-0-1-5 undefined undefined undefined undefined undefined undefined"
        onClick={[Function]}
        onMouseEnter={[Function]}
        onMouseLeave={[Function]}
      />
      <div
        className="Connect(Board)-land-0-1-5 undefined undefined undefined undefined undefined undefined"
        onClick={[Function]}
        onMouseEnter={[Function]}
        onMouseLeave={[Function]}
      />
      <div
        className="Connect(Board)-land-0-1-5 undefined undefined undefined undefined undefined undefined"
        onClick={[Function]}
        onMouseEnter={[Function]}
        onMouseLeave={[Function]}
      />
      <div
        className="Connect(Board)-land-0-1-5 undefined undefined undefined undefined undefined undefined"
        onClick={[Function]}
        onMouseEnter={[Function]}
        onMouseLeave={[Function]}
      />
      <div
        className="Connect(Board)-land-0-1-5 undefined undefined undefined undefined undefined undefined"
        onClick={[Function]}
        onMouseEnter={[Function]}
        onMouseLeave={[Function]}
      />
      <div
        className="Connect(Board)-land-0-1-5 undefined undefined undefined undefined undefined undefined"
        onClick={[Function]}
        onMouseEnter={[Function]}
        onMouseLeave={[Function]}
      />
      <div
        className="Connect(Board)-land-0-1-5 undefined undefined undefined undefined undefined undefined"
        onClick={[Function]}
        onMouseEnter={[Function]}
        onMouseLeave={[Function]}
      />
      <div
        className="Connect(Board)-land-0-1-5 undefined undefined undefined undefined undefined undefined"
        onClick={[Function]}
        onMouseEnter={[Function]}
        onMouseLeave={[Function]}
      />
      <div
        className="Connect(Board)-land-0-1-5 undefined undefined undefined undefined undefined undefined"
        onClick={[Function]}
        onMouseEnter={[Function]}
        onMouseLeave={[Function]}
      />
      <div
        className="Connect(Board)-land-0-1-5 undefined undefined undefined undefined undefined undefined"
        onClick={[Function]}
        onMouseEnter={[Function]}
        onMouseLeave={[Function]}
      />
      <div
        className="Connect(Board)-land-0-1-5 undefined undefined undefined undefined undefined undefined"
        onClick={[Function]}
        onMouseEnter={[Function]}
        onMouseLeave={[Function]}
      />
      <div
        className="Connect(Board)-land-0-1-5 undefined undefined undefined undefined undefined undefined"
        onClick={[Function]}
        onMouseEnter={[Function]}
        onMouseLeave={[Function]}
      />
      <div
        className="Connect(Board)-land-0-1-5 undefined undefined undefined undefined undefined undefined"
        onClick={[Function]}
        onMouseEnter={[Function]}
        onMouseLeave={[Function]}
      />
      <div
        className="Connect(Board)-land-0-1-5 undefined undefined undefined undefined undefined undefined"
        onClick={[Function]}
        onMouseEnter={[Function]}
        onMouseLeave={[Function]}
      />
      <div
        className="Connect(Board)-land-0-1-5 undefined undefined undefined undefined undefined undefined"
        onClick={[Function]}
        onMouseEnter={[Function]}
        onMouseLeave={[Function]}
      />
      <div
        className="Connect(Board)-land-0-1-5 undefined undefined undefined undefined undefined undefined"
        onClick={[Function]}
        onMouseEnter={[Function]}
        onMouseLeave={[Function]}
      />
      <div
        className="Connect(Board)-land-0-1-5 undefined undefined undefined undefined undefined undefined"
        onClick={[Function]}
        onMouseEnter={[Function]}
        onMouseLeave={[Function]}
      />
      <div
        className="Connect(Board)-land-0-1-5 undefined undefined undefined undefined undefined undefined"
        onClick={[Function]}
        onMouseEnter={[Function]}
        onMouseLeave={[Function]}
      />
      <div
        className="Connect(Board)-land-0-1-5 undefined undefined undefined undefined undefined undefined"
        onClick={[Function]}
        onMouseEnter={[Function]}
        onMouseLeave={[Function]}
      />
      <div
        className="Connect(Board)-land-0-1-5 undefined undefined undefined undefined undefined undefined"
        onClick={[Function]}
        onMouseEnter={[Function]}
        onMouseLeave={[Function]}
      />
      <div
        className="Connect(Board)-land-0-1-5 undefined undefined undefined undefined undefined undefined"
        onClick={[Function]}
        onMouseEnter={[Function]}
        onMouseLeave={[Function]}
      />
      <div
        className="Connect(Board)-land-0-1-5 undefined undefined undefined undefined undefined undefined"
        onClick={[Function]}
        onMouseEnter={[Function]}
        onMouseLeave={[Function]}
      />
      <div
        className="Connect(Board)-land-0-1-5 undefined undefined undefined undefined undefined undefined"
        onClick={[Function]}
        onMouseEnter={[Function]}
        onMouseLeave={[Function]}
      />
      <div
        className="Connect(Board)-land-0-1-5 undefined undefined undefined undefined undefined undefined"
        onClick={[Function]}
        onMouseEnter={[Function]}
        onMouseLeave={[Function]}
      />
      <div
        className="Connect(Board)-land-0-1-5 undefined undefined undefined undefined undefined undefined"
        onClick={[Function]}
        onMouseEnter={[Function]}
        onMouseLeave={[Function]}
      />
      <div
        className="Connect(Board)-land-0-1-5 undefined undefined undefined undefined undefined undefined"
        onClick={[Function]}
        onMouseEnter={[Function]}
        onMouseLeave={[Function]}
      />
      <div
        className="Connect(Board)-land-0-1-5 undefined undefined undefined undefined undefined undefined"
        onClick={[Function]}
        onMouseEnter={[Function]}
        onMouseLeave={[Function]}
      />
      <div
        className="Connect(Board)-land-0-1-5 undefined undefined undefined undefined undefined undefined"
        onClick={[Function]}
        onMouseEnter={[Function]}
        onMouseLeave={[Function]}
      />
      <div
        className="Connect(Board)-land-0-1-5 undefined undefined undefined undefined undefined undefined"
        onClick={[Function]}
        onMouseEnter={[Function]}
        onMouseLeave={[Function]}
      />
      <div
        className="Connect(Board)-land-0-1-5 undefined undefined undefined undefined undefined undefined"
        onClick={[Function]}
        onMouseEnter={[Function]}
        onMouseLeave={[Function]}
      />
      <div
        className="Connect(Board)-land-0-1-5 undefined undefined undefined undefined undefined undefined"
        onClick={[Function]}
        onMouseEnter={[Function]}
        onMouseLeave={[Function]}
      />
      <div
        className="Connect(Board)-land-0-1-5 undefined undefined undefined undefined undefined undefined"
        onClick={[Function]}
        onMouseEnter={[Function]}
        onMouseLeave={[Function]}
      />
      <div
        className="Connect(Board)-land-0-1-5 undefined undefined undefined undefined undefined undefined"
        onClick={[Function]}
        onMouseEnter={[Function]}
        onMouseLeave={[Function]}
      />
      <div
        className="Connect(Board)-land-0-1-5 undefined undefined undefined undefined undefined undefined"
        onClick={[Function]}
        onMouseEnter={[Function]}
        onMouseLeave={[Function]}
      />
      <div
        className="Connect(Board)-land-0-1-5 undefined undefined undefined undefined undefined undefined"
        onClick={[Function]}
        onMouseEnter={[Function]}
        onMouseLeave={[Function]}
      />
      <div
        className="Connect(Board)-land-0-1-5 undefined undefined undefined undefined undefined undefined"
        onClick={[Function]}
        onMouseEnter={[Function]}
        onMouseLeave={[Function]}
      />
      <div
        className="Connect(Board)-land-0-1-5 undefined undefined undefined undefined undefined undefined"
        onClick={[Function]}
        onMouseEnter={[Function]}
        onMouseLeave={[Function]}
      />
      <div
        className="Connect(Board)-land-0-1-5 undefined undefined undefined undefined undefined undefined"
        onClick={[Function]}
        onMouseEnter={[Function]}
        onMouseLeave={[Function]}
      />
      <div
        className="Connect(Board)-land-0-1-5 undefined undefined undefined undefined undefined undefined"
        onClick={[Function]}
        onMouseEnter={[Function]}
        onMouseLeave={[Function]}
      />
      <div
        className="Connect(Board)-land-0-1-5 undefined undefined undefined undefined undefined undefined"
        onClick={[Function]}
        onMouseEnter={[Function]}
        onMouseLeave={[Function]}
      />
      <div
        className="Connect(Board)-land-0-1-5 undefined undefined undefined undefined undefined undefined"
        onClick={[Function]}
        onMouseEnter={[Function]}
        onMouseLeave={[Function]}
      />
      <div
        className="Connect(Board)-land-0-1-5 undefined undefined undefined undefined undefined undefined"
        onClick={[Function]}
        onMouseEnter={[Function]}
        onMouseLeave={[Function]}
      />
      <div
        className="Connect(Board)-land-0-1-5 undefined undefined undefined undefined undefined undefined"
        onClick={[Function]}
        onMouseEnter={[Function]}
        onMouseLeave={[Function]}
      />
      <div
        className="Connect(Board)-land-0-1-5 undefined undefined undefined undefined undefined undefined"
        onClick={[Function]}
        onMouseEnter={[Function]}
        onMouseLeave={[Function]}
      />
      <div
        className="Connect(Board)-land-0-1-5 undefined undefined undefined undefined undefined undefined"
        onClick={[Function]}
        onMouseEnter={[Function]}
        onMouseLeave={[Function]}
      />
      <div
        className="Connect(Board)-land-0-1-5 undefined undefined undefined undefined undefined undefined"
        onClick={[Function]}
        onMouseEnter={[Function]}
        onMouseLeave={[Function]}
      />
      <div
        className="Connect(Board)-land-0-1-5 undefined undefined undefined undefined undefined undefined"
        onClick={[Function]}
        onMouseEnter={[Function]}
        onMouseLeave={[Function]}
      />
      <div
        className="Connect(Board)-land-0-1-5 undefined undefined undefined undefined undefined undefined"
        onClick={[Function]}
        onMouseEnter={[Function]}
        onMouseLeave={[Function]}
      />
      <div
        className="Connect(Board)-land-0-1-5 undefined undefined undefined undefined undefined undefined"
        onClick={[Function]}
        onMouseEnter={[Function]}
        onMouseLeave={[Function]}
      />
      <div
        className="Connect(Board)-land-0-1-5 undefined undefined undefined undefined undefined undefined"
        onClick={[Function]}
        onMouseEnter={[Function]}
        onMouseLeave={[Function]}
      />
      <div
        className="Connect(Board)-land-0-1-5 undefined undefined undefined undefined undefined undefined"
        onClick={[Function]}
        onMouseEnter={[Function]}
        onMouseLeave={[Function]}
      />
      <div
        className="Connect(Board)-land-0-1-5 undefined undefined undefined undefined undefined undefined"
        onClick={[Function]}
        onMouseEnter={[Function]}
        onMouseLeave={[Function]}
      />
      <div
        className="Connect(Board)-land-0-1-5 undefined undefined undefined undefined undefined undefined"
        onClick={[Function]}
        onMouseEnter={[Function]}
        onMouseLeave={[Function]}
      />
      <div
        className="Connect(Board)-land-0-1-5 undefined undefined undefined undefined undefined undefined"
        onClick={[Function]}
        onMouseEnter={[Function]}
        onMouseLeave={[Function]}
      />
      <div
        className="Connect(Board)-land-0-1-5 undefined undefined undefined undefined undefined undefined"
        onClick={[Function]}
        onMouseEnter={[Function]}
        onMouseLeave={[Function]}
      />
      <div
        className="Connect(Board)-land-0-1-5 undefined undefined undefined undefined undefined undefined"
        onClick={[Function]}
        onMouseEnter={[Function]}
        onMouseLeave={[Function]}
      />
      <div
        className="Connect(Board)-land-0-1-5 undefined undefined undefined undefined undefined undefined"
        onClick={[Function]}
        onMouseEnter={[Function]}
        onMouseLeave={[Function]}
      />
      <div
        className="Connect(Board)-land-0-1-5 undefined undefined undefined undefined undefined undefined"
        onClick={[Function]}
        onMouseEnter={[Function]}
        onMouseLeave={[Function]}
      />
      <div
        className="Connect(Board)-land-0-1-5 undefined undefined undefined undefined undefined undefined"
        onClick={[Function]}
        onMouseEnter={[Function]}
        onMouseLeave={[Function]}
      />
      <div
        className="Connect(Board)-land-0-1-5 undefined undefined undefined undefined undefined undefined"
        onClick={[Function]}
        onMouseEnter={[Function]}
        onMouseLeave={[Function]}
      />
      <div
        className="Connect(Board)-land-0-1-5 undefined undefined undefined undefined undefined undefined"
        onClick={[Function]}
        onMouseEnter={[Function]}
        onMouseLeave={[Function]}
      />
      <div
        className="Connect(Board)-land-0-1-5 undefined undefined undefined undefined undefined undefined"
        onClick={[Function]}
        onMouseEnter={[Function]}
        onMouseLeave={[Function]}
      />
      <div
        className="Connect(Board)-land-0-1-5 undefined undefined undefined undefined undefined undefined"
        onClick={[Function]}
        onMouseEnter={[Function]}
        onMouseLeave={[Function]}
      />
      <div
        className="Connect(Board)-land-0-1-5 undefined undefined undefined undefined undefined undefined"
        onClick={[Function]}
        onMouseEnter={[Function]}
        onMouseLeave={[Function]}
      />
      <div
        className="Connect(Board)-land-0-1-5 undefined undefined undefined undefined undefined undefined"
        onClick={[Function]}
        onMouseEnter={[Function]}
        onMouseLeave={[Function]}
      />
      <div
        className="Connect(Board)-land-0-1-5 undefined undefined undefined undefined undefined undefined"
        onClick={[Function]}
        onMouseEnter={[Function]}
        onMouseLeave={[Function]}
      />
      <div
        className="Connect(Board)-land-0-1-5 undefined undefined undefined undefined undefined undefined"
        onClick={[Function]}
        onMouseEnter={[Function]}
        onMouseLeave={[Function]}
      />
      <div
        className="Connect(Board)-land-0-1-5 undefined undefined undefined undefined undefined undefined"
        onClick={[Function]}
        onMouseEnter={[Function]}
        onMouseLeave={[Function]}
      />
      <div
        className="Connect(Board)-land-0-1-5 undefined undefined undefined undefined undefined undefined"
        onClick={[Function]}
        onMouseEnter={[Function]}
        onMouseLeave={[Function]}
      />
      <div
        className="Connect(Board)-land-0-1-5 undefined undefined undefined undefined undefined undefined"
        onClick={[Function]}
        onMouseEnter={[Function]}
        onMouseLeave={[Function]}
      />
      <div
        className="Connect(Board)-land-0-1-5 undefined undefined undefined undefined undefined undefined"
        onClick={[Function]}
        onMouseEnter={[Function]}
        onMouseLeave={[Function]}
      />
    </div>
  </div>,
]
`;
